{"timestamp": "2026-08-13 12:27:49,993", "level": "INFO", "logger": "app.main", "message": "Starting Demo Mode simulation engine..."}
{"timestamp": "2026-08-13 12:27:50,093", "level": "INFO", "logger": "app.demo_simulation_engine", "message": "Starting PRISM Live Simulator (Demo Mode)..."}
{"timestamp": "2026-08-13 12:28:00,906", "level": "INFO", "logger": "root", "message": "APM TRACE: GET / completed in 25.74ms with status 200", "extra_data": {"method": "GET", "path": "/", "latency_ms": 25.74, "status_code": 200, "type": "apm_metrics"}}
{"timestamp": "2026-08-13 12:28:01,101", "level": "INFO", "logger": "root", "message": "APM TRACE: GET /docs completed in 0.54ms with status 200", "extra_data": {"method": "GET", "path": "/docs", "latency_ms": 0.54, "status_code": 200, "type": "apm_metrics"}}
{"timestamp": "2026-08-13 13:14:18,817", "level": "INFO", "logger": "root", "message": "APM TRACE: POST /api/v1/auth/login completed in 3097.93ms with status 200", "extra_data": {"method": "POST", "path": "/api/v1/auth/login", "latency_ms": 3097.93, "status_code": 200, "type": "apm_metrics"}}
{"timestamp": "2026-08-13 13:14:49,847", "level": "INFO", "logger": "root", "message": "APM TRACE: POST /api/v1/auth/login completed in 2077.59ms with status 200", "extra_data": {"method": "POST", "path": "/api/v1/auth/login", "latency_ms": 2077.59, "status_code": 200, "type": "apm_metrics"}}
{"timestamp": "2026-08-13 13:14:52,034", "level": "INFO", "logger": "root", "message": "APM TRACE: GET /api/v1/auth/devices completed in 193.50ms with status 200", "extra_data": {"method": "GET", "path": "/api/v1/auth/devices", "latency_ms": 193.5, "status_code": 200, "type": "apm_metrics"}}
{"timestamp": "2026-08-13 13:14:54,214", "level": "WARNING", "logger": "app.utils.redis_client", "message": "Could not connect to Redis at redis://localhost:6379/0: . Falling back to in-memory MockRedisClient."}
{"timestamp": "2026-08-13 13:14:54,218", "level": "INFO", "logger": "root", "message": "APM TRACE: GET /api/v1/auth/devices completed in 2134.30ms with status 200", "extra_data": {"method": "GET", "path": "/api/v1/auth/devices", "latency_ms": 2134.3, "status_code": 200, "type": "apm_metrics"}}
{"timestamp": "2026-08-13 13:14:54,339", "level": "INFO", "logger": "root", "message": "APM TRACE: GET /api/v1/events/scores/0fbaa7a8-bbe5-4d19-9af9-58a772945a34 completed in 1009.59ms with status 200", "extra_data": {"method": "GET", "path": "/api/v1/events/scores/0fbaa7a8-bbe5-4d19-9af9-58a772945a34", "latency_ms": 1009.59, "status_code": 200, "type": "apm_metrics"}}
{"timestamp": "2026-08-13 13:14:54,851", "level": "INFO", "logger": "root", "message": "APM TRACE: GET /api/v1/events/scores/0fbaa7a8-bbe5-4d19-9af9-58a772945a34 completed in 18.42ms with status 200", "extra_data": {"method": "GET", "path": "/api/v1/events/scores/0fbaa7a8-bbe5-4d19-9af9-58a772945a34", "latency_ms": 18.42, "status_code": 200, "type": "apm_metrics"}}
{"timestamp": "2026-08-13 13:14:55,065", "level": "INFO", "logger": "root", "message": "APM TRACE: GET /api/v1/events/baselines/0fbaa7a8-bbe5-4d19-9af9-58a772945a34 completed in 53.45ms with status 200", "extra_data": {"method": "GET", "path": "/api/v1/events/baselines/0fbaa7a8-bbe5-4d19-9af9-58a772945a34", "latency_ms": 53.45, "status_code": 200, "type": "apm_metrics"}}
{"timestamp": "2026-08-13 13:14:55,085", "level": "INFO", "logger": "root", "message": "APM TRACE: GET /api/v1/events/scores/0fbaa7a8-bbe5-4d19-9af9-58a772945a34 completed in 42.09ms with status 200", "extra_data": {"method": "GET", "path": "/api/v1/events/scores/0fbaa7a8-bbe5-4d19-9af9-58a772945a34", "latency_ms": 42.09, "status_code": 200, "type": "apm_metrics"}}
{"timestamp": "2026-08-13 13:14:55,265", "level": "INFO", "logger": "root", "message": "APM TRACE: GET /api/v1/events/baselines/0fbaa7a8-bbe5-4d19-9af9-58a772945a34 completed in 30.83ms with status 200", "extra_data": {"method": "GET", "path": "/api/v1/events/baselines/0fbaa7a8-bbe5-4d19-9af9-58a772945a34", "latency_ms": 30.83, "status_code": 200, "type": "apm_metrics"}}
{"timestamp": "2026-08-13 13:14:55,296", "level": "INFO", "logger": "root", "message": "APM TRACE: GET /api/v1/events/scores/0fbaa7a8-bbe5-4d19-9af9-58a772945a34 completed in 26.12ms with status 200", "extra_data": {"method": "GET", "path": "/api/v1/events/scores/0fbaa7a8-bbe5-4d19-9af9-58a772945a34", "latency_ms": 26.12, "status_code": 200, "type": "apm_metrics"}}
{"timestamp": "2026-08-13 13:15:01,828", "level": "INFO", "logger": "root", "message": "APM TRACE: GET /api/v1/events/alerts/0fbaa7a8-bbe5-4d19-9af9-58a772945a34 completed in 6410.42ms with status 200", "extra_data": {"method": "GET", "path": "/api/v1/events/alerts/0fbaa7a8-bbe5-4d19-9af9-58a772945a34", "latency_ms": 6410.42, "status_code": 200, "type": "apm_metrics"}}
{"timestamp": "2026-08-13 13:15:02,177", "level": "INFO", "logger": "root", "message": "APM TRACE: GET /api/v1/internal/ingestion/health completed in 167.57ms with status 200", "extra_data": {"method": "GET", "path": "/api/v1/internal/ingestion/health", "latency_ms": 167.57, "status_code": 200, "type": "apm_metrics"}}
{"timestamp": "2026-08-13 13:15:02,179", "level": "INFO", "logger": "root", "message": "APM TRACE: GET /api/v1/events/alerts/0fbaa7a8-bbe5-4d19-9af9-58a772945a34 completed in 216.76ms with status 200", "extra_data": {"method": "GET", "path": "/api/v1/events/alerts/0fbaa7a8-bbe5-4d19-9af9-58a772945a34", "latency_ms": 216.76, "status_code": 200, "type": "apm_metrics"}}
{"timestamp": "2026-08-13 13:15:02,602", "level": "INFO", "logger": "root", "message": "APM TRACE: GET /api/v1/internal/ingestion/health completed in 23.02ms with status 200", "extra_data": {"method": "GET", "path": "/api/v1/internal/ingestion/health", "latency_ms": 23.02, "status_code": 200, "type": "apm_metrics"}}
{"timestamp": "2026-08-13 13:15:40,266", "level": "INFO", "logger": "root", "message": "APM TRACE: GET /api/v1/auth/devices completed in 16.25ms with status 200", "extra_data": {"method": "GET", "path": "/api/v1/auth/devices", "latency_ms": 16.25, "status_code": 200, "type": "apm_metrics"}}
{"timestamp": "2026-08-13 13:15:40,429", "level": "INFO", "logger": "root", "message": "APM TRACE: GET /api/v1/auth/devices completed in 95.11ms with status 200", "extra_data": {"method": "GET", "path": "/api/v1/auth/devices", "latency_ms": 95.11, "status_code": 200, "type": "apm_metrics"}}
{"timestamp": "2026-08-13 13:15:40,801", "level": "INFO", "logger": "root", "message": "APM TRACE: GET /api/v1/events/alerts/0fbaa7a8-bbe5-4d19-9af9-58a772945a34 completed in 407.92ms with status 200", "extra_data": {"method": "GET", "path": "/api/v1/events/alerts/0fbaa7a8-bbe5-4d19-9af9-58a772945a34", "latency_ms": 407.92, "status_code": 200, "type": "apm_metrics"}}
{"timestamp": "2026-08-13 13:15:41,652", "level": "INFO", "logger": "root", "message": "APM TRACE: GET /api/v1/events/alerts/0fbaa7a8-bbe5-4d19-9af9-58a772945a34 completed in 386.04ms with status 200", "extra_data": {"method": "GET", "path": "/api/v1/events/alerts/0fbaa7a8-bbe5-4d19-9af9-58a772945a34", "latency_ms": 386.04, "status_code": 200, "type": "apm_metrics"}}
{"timestamp": "2026-08-13 13:16:40,281", "level": "INFO", "logger": "root", "message": "APM TRACE: GET /api/v1/auth/devices completed in 17.19ms with status 200", "extra_data": {"method": "GET", "path": "/api/v1/auth/devices", "latency_ms": 17.19, "status_code": 200, "type": "apm_metrics"}}
{"timestamp": "2026-08-13 13:16:40,381", "level": "INFO", "logger": "root", "message": "APM TRACE: GET /api/v1/auth/devices completed in 23.20ms with status 200", "extra_data": {"method": "GET", "path": "/api/v1/auth/devices", "latency_ms": 23.2, "status_code": 200, "type": "apm_metrics"}}
{"timestamp": "2026-08-13 13:16:40,481", "level": "INFO", "logger": "root", "message": "APM TRACE: GET /api/v1/events/baselines/0fbaa7a8-bbe5-4d19-9af9-58a772945a34 completed in 69.98ms with status 200", "extra_data": {"method": "GET", "path": "/api/v1/events/baselines/0fbaa7a8-bbe5-4d19-9af9-58a772945a34", "latency_ms": 69.98, "status_code": 200, "type": "apm_metrics"}}
{"timestamp": "2026-08-13 13:16:40,545", "level": "INFO", "logger": "root", "message": "APM TRACE: GET /api/v1/internal/ingestion/health completed in 64.00ms with status 200", "extra_data": {"method": "GET", "path": "/api/v1/internal/ingestion/health", "latency_ms": 64.0, "status_code": 200, "type": "apm_metrics"}}
{"timestamp": "2026-08-13 13:16:40,554", "level": "INFO", "logger": "root", "message": "APM TRACE: GET /api/v1/events/scores/0fbaa7a8-bbe5-4d19-9af9-58a772945a34 completed in 123.89ms with status 200", "extra_data": {"method": "GET", "path": "/api/v1/events/scores/0fbaa7a8-bbe5-4d19-9af9-58a772945a34", "latency_ms": 123.89, "status_code": 200, "type": "apm_metrics"}}
{"timestamp": "2026-08-13 13:16:40,798", "level": "INFO", "logger": "root", "message": "APM TRACE: GET /api/v1/internal/ingestion/health completed in 33.94ms with status 200", "extra_data": {"method": "GET", "path": "/api/v1/internal/ingestion/health", "latency_ms": 33.94, "status_code": 200, "type": "apm_metrics"}}
{"timestamp": "2026-08-13 13:16:40,799", "level": "INFO", "logger": "root", "message": "APM TRACE: GET /api/v1/events/baselines/0fbaa7a8-bbe5-4d19-9af9-58a772945a34 completed in 250.28ms with status 200", "extra_data": {"method": "GET", "path": "/api/v1/events/baselines/0fbaa7a8-bbe5-4d19-9af9-58a772945a34", "latency_ms": 250.28, "status_code": 200, "type": "apm_metrics"}}
{"timestamp": "2026-08-13 13:16:40,883", "level": "INFO", "logger": "root", "message": "APM TRACE: GET /api/v1/events/scores/0fbaa7a8-bbe5-4d19-9af9-58a772945a34 completed in 12.20ms with status 200", "extra_data": {"method": "GET", "path": "/api/v1/events/scores/0fbaa7a8-bbe5-4d19-9af9-58a772945a34", "latency_ms": 12.2, "status_code": 200, "type": "apm_metrics"}}
{"timestamp": "2026-08-13 13:17:10,281", "level": "INFO", "logger": "root", "message": "APM TRACE: GET /api/v1/auth/devices completed in 8.91ms with status 200", "extra_data": {"method": "GET", "path": "/api/v1/auth/devices", "latency_ms": 8.91, "status_code": 200, "type": "apm_metrics"}}
{"timestamp": "2026-08-13 13:17:10,392", "level": "INFO", "logger": "root", "message": "APM TRACE: GET /api/v1/internal/ingestion/health completed in 43.79ms with status 200", "extra_data": {"method": "GET", "path": "/api/v1/internal/ingestion/health", "latency_ms": 43.79, "status_code": 200, "type": "apm_metrics"}}
{"timestamp": "2026-08-13 13:17:10,445", "level": "INFO", "logger": "root", "message": "APM TRACE: GET /api/v1/events/baselines/0fbaa7a8-bbe5-4d19-9af9-58a772945a34 completed in 99.30ms with status 200", "extra_data": {"method": "GET", "path": "/api/v1/events/baselines/0fbaa7a8-bbe5-4d19-9af9-58a772945a34", "latency_ms": 99.3, "status_code": 200, "type": "apm_metrics"}}
{"timestamp": "2026-08-13 13:17:10,448", "level": "INFO", "logger": "root", "message": "APM TRACE: GET /api/v1/events/scores/0fbaa7a8-bbe5-4d19-9af9-58a772945a34 completed in 102.71ms with status 200", "extra_data": {"method": "GET", "path": "/api/v1/events/scores/0fbaa7a8-bbe5-4d19-9af9-58a772945a34", "latency_ms": 102.71, "status_code": 200, "type": "apm_metrics"}}
{"timestamp": "2026-08-13 13:17:43,497", "level": "INFO", "logger": "root", "message": "APM TRACE: GET /api/v1/auth/devices completed in 26.67ms with status 200", "extra_data": {"method": "GET", "path": "/api/v1/auth/devices", "latency_ms": 26.67, "status_code": 200, "type": "apm_metrics"}}
{"timestamp": "2026-08-13 13:17:46,263", "level": "INFO", "logger": "root", "message": "APM TRACE: GET /api/v1/internal/ingestion/health completed in 146.40ms with status 200", "extra_data": {"method": "GET", "path": "/api/v1/internal/ingestion/health", "latency_ms": 146.4, "status_code": 200, "type": "apm_metrics"}}
{"timestamp": "2026-08-13 13:17:46,308", "level": "INFO", "logger": "root", "message": "APM TRACE: GET /api/v1/events/scores/0fbaa7a8-bbe5-4d19-9af9-58a772945a34 completed in 195.67ms with status 200", "extra_data": {"method": "GET", "path": "/api/v1/events/scores/0fbaa7a8-bbe5-4d19-9af9-58a772945a34", "latency_ms": 195.67, "status_code": 200, "type": "apm_metrics"}}
{"timestamp": "2026-08-13 13:17:49,578", "level": "INFO", "logger": "root", "message": "APM TRACE: GET /api/v1/events/baselines/0fbaa7a8-bbe5-4d19-9af9-58a772945a34 completed in 3467.18ms with status 200", "extra_data": {"method": "GET", "path": "/api/v1/events/baselines/0fbaa7a8-bbe5-4d19-9af9-58a772945a34", "latency_ms": 3467.18, "status_code": 200, "type": "apm_metrics"}}
{"timestamp": "2026-08-13 13:18:02,512", "level": "INFO", "logger": "root", "message": "APM TRACE: GET /api/v1/companion/personas completed in 395.29ms with status 200", "extra_data": {"method": "GET", "path": "/api/v1/companion/personas", "latency_ms": 395.29, "status_code": 200, "type": "apm_metrics"}}
{"timestamp": "2026-08-13 13:18:02,675", "level": "INFO", "logger": "root", "message": "APM TRACE: GET /api/v1/companion/personas completed in 49.75ms with status 200", "extra_data": {"method": "GET", "path": "/api/v1/companion/personas", "latency_ms": 49.75, "status_code": 200, "type": "apm_metrics"}}
{"timestamp": "2026-08-13 13:18:03,237", "level": "INFO", "logger": "root", "message": "APM TRACE: GET /api/v1/nova/conversations/bd5fbddb-00e8-4d2a-89fa-fb1a69ce84b2 completed in 782.97ms with status 200", "extra_data": {"method": "GET", "path": "/api/v1/nova/conversations/bd5fbddb-00e8-4d2a-89fa-fb1a69ce84b2", "latency_ms": 782.97, "status_code": 200, "type": "apm_metrics"}}
{"timestamp": "2026-08-13 13:18:03,518", "level": "INFO", "logger": "root", "message": "APM TRACE: GET /api/v1/nova/conversations/bd5fbddb-00e8-4d2a-89fa-fb1a69ce84b2 completed in 222.63ms with status 200", "extra_data": {"method": "GET", "path": "/api/v1/nova/conversations/bd5fbddb-00e8-4d2a-89fa-fb1a69ce84b2", "latency_ms": 222.63, "status_code": 200, "type": "apm_metrics"}}
{"timestamp": "2026-08-13 13:18:08,567", "level": "INFO", "logger": "root", "message": "APM TRACE: GET /api/v1/companion/personas completed in 17.63ms with status 200", "extra_data": {"method": "GET", "path": "/api/v1/companion/personas", "latency_ms": 17.63, "status_code": 200, "type": "apm_metrics"}}
{"timestamp": "2026-08-13 13:18:08,693", "level": "INFO", "logger": "root", "message": "APM TRACE: GET /api/v1/companion/personas completed in 8.44ms with status 200", "extra_data": {"method": "GET", "path": "/api/v1/companion/personas", "latency_ms": 8.44, "status_code": 200, "type": "apm_metrics"}}
{"timestamp": "2026-08-13 13:18:08,935", "level": "INFO", "logger": "root", "message": "APM TRACE: GET /api/v1/nova/conversations/bd5fbddb-00e8-4d2a-89fa-fb1a69ce84b2 completed in 389.09ms with status 200", "extra_data": {"method": "GET", "path": "/api/v1/nova/conversations/bd5fbddb-00e8-4d2a-89fa-fb1a69ce84b2", "latency_ms": 389.09, "status_code": 200, "type": "apm_metrics"}}
{"timestamp": "2026-08-13 13:18:09,423", "level": "INFO", "logger": "root", "message": "APM TRACE: GET /api/v1/nova/conversations/bd5fbddb-00e8-4d2a-89fa-fb1a69ce84b2 completed in 428.26ms with status 200", "extra_data": {"method": "GET", "path": "/api/v1/nova/conversations/bd5fbddb-00e8-4d2a-89fa-fb1a69ce84b2", "latency_ms": 428.26, "status_code": 200, "type": "apm_metrics"}}
{"timestamp": "2026-08-13 13:18:27,439", "level": "INFO", "logger": "root", "message": "APM TRACE: GET /api/v1/auth/devices completed in 16.80ms with status 200", "extra_data": {"method": "GET", "path": "/api/v1/auth/devices", "latency_ms": 16.8, "status_code": 200, "type": "apm_metrics"}}
{"timestamp": "2026-08-13 13:18:27,477", "level": "INFO", "logger": "root", "message": "APM TRACE: GET /api/v1/auth/devices completed in 14.92ms with status 200", "extra_data": {"method": "GET", "path": "/api/v1/auth/devices", "latency_ms": 14.92, "status_code": 200, "type": "apm_metrics"}}
{"timestamp": "2026-08-13 13:18:27,518", "level": "INFO", "logger": "root", "message": "APM TRACE: GET /api/v1/events/scores/0fbaa7a8-bbe5-4d19-9af9-58a772945a34 completed in 33.13ms with status 200", "extra_data": {"method": "GET", "path": "/api/v1/events/scores/0fbaa7a8-bbe5-4d19-9af9-58a772945a34", "latency_ms": 33.13, "status_code": 200, "type": "apm_metrics"}}
{"timestamp": "2026-08-13 13:18:27,694", "level": "INFO", "logger": "root", "message": "APM TRACE: GET /api/v1/events/scores/0fbaa7a8-bbe5-4d19-9af9-58a772945a34 completed in 16.65ms with status 200", "extra_data": {"method": "GET", "path": "/api/v1/events/scores/0fbaa7a8-bbe5-4d19-9af9-58a772945a34", "latency_ms": 16.65, "status_code": 200, "type": "apm_metrics"}}
{"timestamp": "2026-08-13 13:18:27,875", "level": "INFO", "logger": "root", "message": "APM TRACE: GET /api/v1/events/baselines/0fbaa7a8-bbe5-4d19-9af9-58a772945a34 completed in 30.73ms with status 200", "extra_data": {"method": "GET", "path": "/api/v1/events/baselines/0fbaa7a8-bbe5-4d19-9af9-58a772945a34", "latency_ms": 30.73, "status_code": 200, "type": "apm_metrics"}}
{"timestamp": "2026-08-13 13:18:27,910", "level": "INFO", "logger": "root", "message": "APM TRACE: GET /api/v1/events/scores/0fbaa7a8-bbe5-4d19-9af9-58a772945a34 completed in 21.61ms with status 200", "extra_data": {"method": "GET", "path": "/api/v1/events/scores/0fbaa7a8-bbe5-4d19-9af9-58a772945a34", "latency_ms": 21.61, "status_code": 200, "type": "apm_metrics"}}
{"timestamp": "2026-08-13 13:18:28,145", "level": "INFO", "logger": "root", "message": "APM TRACE: GET /api/v1/events/baselines/0fbaa7a8-bbe5-4d19-9af9-58a772945a34 completed in 237.49ms with status 200", "extra_data": {"method": "GET", "path": "/api/v1/events/baselines/0fbaa7a8-bbe5-4d19-9af9-58a772945a34", "latency_ms": 237.49, "status_code": 200, "type": "apm_metrics"}}
{"timestamp": "2026-08-13 13:18:28,308", "level": "INFO", "logger": "root", "message": "APM TRACE: GET /api/v1/events/scores/0fbaa7a8-bbe5-4d19-9af9-58a772945a34 completed in 49.14ms with status 200", "extra_data": {"method": "GET", "path": "/api/v1/events/scores/0fbaa7a8-bbe5-4d19-9af9-58a772945a34", "latency_ms": 49.14, "status_code": 200, "type": "apm_metrics"}}
{"timestamp": "2026-08-13 13:18:28,670", "level": "INFO", "logger": "root", "message": "APM TRACE: GET /api/v1/events/alerts/0fbaa7a8-bbe5-4d19-9af9-58a772945a34 completed in 209.93ms with status 200", "extra_data": {"method": "GET", "path": "/api/v1/events/alerts/0fbaa7a8-bbe5-4d19-9af9-58a772945a34", "latency_ms": 209.93, "status_code": 200, "type": "apm_metrics"}}
{"timestamp": "2026-08-13 13:18:28,875", "level": "INFO", "logger": "root", "message": "APM TRACE: GET /api/v1/internal/ingestion/health completed in 33.37ms with status 200", "extra_data": {"method": "GET", "path": "/api/v1/internal/ingestion/health", "latency_ms": 33.37, "status_code": 200, "type": "apm_metrics"}}
{"timestamp": "2026-08-13 13:18:29,127", "level": "INFO", "logger": "root", "message": "APM TRACE: GET /api/v1/events/alerts/0fbaa7a8-bbe5-4d19-9af9-58a772945a34 completed in 301.79ms with status 200", "extra_data": {"method": "GET", "path": "/api/v1/events/alerts/0fbaa7a8-bbe5-4d19-9af9-58a772945a34", "latency_ms": 301.79, "status_code": 200, "type": "apm_metrics"}}
{"timestamp": "2026-08-13 13:18:29,351", "level": "INFO", "logger": "root", "message": "APM TRACE: GET /api/v1/internal/ingestion/health completed in 28.84ms with status 200", "extra_data": {"method": "GET", "path": "/api/v1/internal/ingestion/health", "latency_ms": 28.84, "status_code": 200, "type": "apm_metrics"}}
{"timestamp": "2026-08-13 13:23:21,229", "level": "INFO", "logger": "root", "message": "APM TRACE: POST /api/v1/auth/login completed in 1746.08ms with status 401", "extra_data": {"method": "POST", "path": "/api/v1/auth/login", "latency_ms": 1746.08, "status_code": 401, "type": "apm_metrics"}}
{"timestamp": "2026-08-13 13:23:51,049", "level": "INFO", "logger": "root", "message": "APM TRACE: POST /api/v1/auth/register completed in 12161.54ms with status 201", "extra_data": {"method": "POST", "path": "/api/v1/auth/register", "latency_ms": 12161.54, "status_code": 201, "type": "apm_metrics"}}
{"timestamp": "2026-08-13 13:24:10,314", "level": "INFO", "logger": "root", "message": "APM TRACE: POST /api/v1/auth/login completed in 13367.58ms with status 200", "extra_data": {"method": "POST", "path": "/api/v1/auth/login", "latency_ms": 13367.58, "status_code": 200, "type": "apm_metrics"}}
{"timestamp": "2026-08-13 13:24:19,847", "level": "INFO", "logger": "root", "message": "APM TRACE: GET /api/v1/auth/devices completed in 65.76ms with status 200", "extra_data": {"method": "GET", "path": "/api/v1/auth/devices", "latency_ms": 65.76, "status_code": 200, "type": "apm_metrics"}}
{"timestamp": "2026-08-13 13:24:20,853", "level": "INFO", "logger": "root", "message": "APM TRACE: GET /api/v1/auth/devices completed in 29.27ms with status 200", "extra_data": {"method": "GET", "path": "/api/v1/auth/devices", "latency_ms": 29.27, "status_code": 200, "type": "apm_metrics"}}
{"timestamp": "2026-08-13 13:24:23,443", "level": "INFO", "logger": "root", "message": "APM TRACE: GET /api/v1/internal/ingestion/health completed in 412.71ms with status 200", "extra_data": {"method": "GET", "path": "/api/v1/internal/ingestion/health", "latency_ms": 412.71, "status_code": 200, "type": "apm_metrics"}}
{"timestamp": "2026-08-13 13:24:24,063", "level": "INFO", "logger": "root", "message": "APM TRACE: GET /api/v1/internal/ingestion/health completed in 50.01ms with status 200", "extra_data": {"method": "GET", "path": "/api/v1/internal/ingestion/health", "latency_ms": 50.01, "status_code": 200, "type": "apm_metrics"}}
{"timestamp": "2026-08-13 13:24:41,610", "level": "INFO", "logger": "root", "message": "APM TRACE: GET /api/v1/auth/devices completed in 15.57ms with status 200", "extra_data": {"method": "GET", "path": "/api/v1/auth/devices", "latency_ms": 15.57, "status_code": 200, "type": "apm_metrics"}}
{"timestamp": "2026-08-13 13:24:41,836", "level": "INFO", "logger": "root", "message": "APM TRACE: GET /api/v1/auth/devices completed in 58.80ms with status 200", "extra_data": {"method": "GET", "path": "/api/v1/auth/devices", "latency_ms": 58.8, "status_code": 200, "type": "apm_metrics"}}
{"timestamp": "2026-08-13 13:25:12,807", "level": "INFO", "logger": "root", "message": "APM TRACE: GET /api/v1/auth/devices completed in 189.01ms with status 200", "extra_data": {"method": "GET", "path": "/api/v1/auth/devices", "latency_ms": 189.01, "status_code": 200, "type": "apm_metrics"}}
{"timestamp": "2026-08-13 13:25:19,256", "level": "INFO", "logger": "root", "message": "APM TRACE: GET /api/v1/auth/devices completed in 32.80ms with status 200", "extra_data": {"method": "GET", "path": "/api/v1/auth/devices", "latency_ms": 32.8, "status_code": 200, "type": "apm_metrics"}}
{"timestamp": "2026-08-13 13:25:19,457", "level": "INFO", "logger": "root", "message": "APM TRACE: GET /api/v1/auth/devices completed in 33.75ms with status 200", "extra_data": {"method": "GET", "path": "/api/v1/auth/devices", "latency_ms": 33.75, "status_code": 200, "type": "apm_metrics"}}
{"timestamp": "2026-08-13 13:25:19,624", "level": "INFO", "logger": "root", "message": "APM TRACE: GET /api/v1/internal/ingestion/health completed in 89.86ms with status 200", "extra_data": {"method": "GET", "path": "/api/v1/internal/ingestion/health", "latency_ms": 89.86, "status_code": 200, "type": "apm_metrics"}}
{"timestamp": "2026-08-13 13:25:20,044", "level": "INFO", "logger": "root", "message": "APM TRACE: GET /api/v1/internal/ingestion/health completed in 108.11ms with status 200", "extra_data": {"method": "GET", "path": "/api/v1/internal/ingestion/health", "latency_ms": 108.11, "status_code": 200, "type": "apm_metrics"}}
{"timestamp": "2026-08-13 13:58:34,600", "level": "INFO", "logger": "root", "message": "APM TRACE: POST /api/v1/auth/login completed in 881.63ms with status 200", "extra_data": {"method": "POST", "path": "/api/v1/auth/login", "latency_ms": 881.63, "status_code": 200, "type": "apm_metrics"}}
{"timestamp": "2026-08-13 13:58:34,842", "level": "INFO", "logger": "root", "message": "APM TRACE: GET /api/v1/auth/devices completed in 16.31ms with status 200", "extra_data": {"method": "GET", "path": "/api/v1/auth/devices", "latency_ms": 16.31, "status_code": 200, "type": "apm_metrics"}}
{"timestamp": "2026-08-13 14:01:26,672", "level": "INFO", "logger": "root", "message": "APM TRACE: POST /api/v1/auth/login completed in 991.13ms with status 200", "extra_data": {"method": "POST", "path": "/api/v1/auth/login", "latency_ms": 991.13, "status_code": 200, "type": "apm_metrics"}}
{"timestamp": "2026-08-13 14:01:26,798", "level": "INFO", "logger": "root", "message": "APM TRACE: GET /api/v1/auth/devices completed in 9.27ms with status 200", "extra_data": {"method": "GET", "path": "/api/v1/auth/devices", "latency_ms": 9.27, "status_code": 200, "type": "apm_metrics"}}
{"timestamp": "2026-08-13 14:02:31,574", "level": "INFO", "logger": "root", "message": "APM TRACE: GET /api/v1/internal/ingestion/health completed in 95.18ms with status 200", "extra_data": {"method": "GET", "path": "/api/v1/internal/ingestion/health", "latency_ms": 95.18, "status_code": 200, "type": "apm_metrics"}}
{"timestamp": "2026-08-13 14:04:39,256", "level": "INFO", "logger": "root", "message": "APM TRACE: POST /api/v1/auth/login completed in 543.96ms with status 200", "extra_data": {"method": "POST", "path": "/api/v1/auth/login", "latency_ms": 543.96, "status_code": 200, "type": "apm_metrics"}}
{"timestamp": "2026-08-13 14:04:40,116", "level": "INFO", "logger": "root", "message": "APM TRACE: GET /api/v1/auth/devices completed in 651.00ms with status 200", "extra_data": {"method": "GET", "path": "/api/v1/auth/devices", "latency_ms": 651.0, "status_code": 200, "type": "apm_metrics"}}
{"timestamp": "2026-08-13 14:05:27,703", "level": "INFO", "logger": "root", "message": "APM TRACE: GET /api/v1/internal/ingestion/health completed in 19.77ms with status 200", "extra_data": {"method": "GET", "path": "/api/v1/internal/ingestion/health", "latency_ms": 19.77, "status_code": 200, "type": "apm_metrics"}}
{"timestamp": "2026-08-13 14:12:54,152", "level": "INFO", "logger": "root", "message": "APM TRACE: GET /api/v1/auth/devices completed in 466.22ms with status 200", "extra_data": {"method": "GET", "path": "/api/v1/auth/devices", "latency_ms": 466.22, "status_code": 200, "type": "apm_metrics"}}
{"timestamp": "2026-08-13 14:12:54,651", "level": "INFO", "logger": "root", "message": "APM TRACE: GET /api/v1/internal/ingestion/health completed in 16.07ms with status 200", "extra_data": {"method": "GET", "path": "/api/v1/internal/ingestion/health", "latency_ms": 16.07, "status_code": 200, "type": "apm_metrics"}}
{"timestamp": "2026-08-13 14:13:39,890", "level": "INFO", "logger": "root", "message": "APM TRACE: GET /api/v1/auth/devices completed in 16.01ms with status 200", "extra_data": {"method": "GET", "path": "/api/v1/auth/devices", "latency_ms": 16.01, "status_code": 200, "type": "apm_metrics"}}
{"timestamp": "2026-08-13 14:13:39,950", "level": "INFO", "logger": "root", "message": "APM TRACE: GET /api/v1/auth/devices completed in 8.10ms with status 200", "extra_data": {"method": "GET", "path": "/api/v1/auth/devices", "latency_ms": 8.1, "status_code": 200, "type": "apm_metrics"}}
{"timestamp": "2026-08-13 14:13:56,036", "level": "INFO", "logger": "root", "message": "APM TRACE: GET /api/v1/auth/devices completed in 19.85ms with status 200", "extra_data": {"method": "GET", "path": "/api/v1/auth/devices", "latency_ms": 19.85, "status_code": 200, "type": "apm_metrics"}}
{"timestamp": "2026-08-13 14:13:56,084", "level": "INFO", "logger": "root", "message": "APM TRACE: GET /api/v1/auth/devices completed in 14.82ms with status 200", "extra_data": {"method": "GET", "path": "/api/v1/auth/devices", "latency_ms": 14.82, "status_code": 200, "type": "apm_metrics"}}
{"timestamp": "2026-08-13 14:13:56,105", "level": "INFO", "logger": "root", "message": "APM TRACE: GET /api/v1/internal/ingestion/health completed in 22.84ms with status 200", "extra_data": {"method": "GET", "path": "/api/v1/internal/ingestion/health", "latency_ms": 22.84, "status_code": 200, "type": "apm_metrics"}}
{"timestamp": "2026-08-13 14:13:56,142", "level": "INFO", "logger": "root", "message": "APM TRACE: GET /api/v1/internal/ingestion/health completed in 16.00ms with status 200", "extra_data": {"method": "GET", "path": "/api/v1/internal/ingestion/health", "latency_ms": 16.0, "status_code": 200, "type": "apm_metrics"}}
{"timestamp": "2026-08-13 14:14:09,067", "level": "INFO", "logger": "root", "message": "APM TRACE: GET /api/v1/auth/devices completed in 16.91ms with status 200", "extra_data": {"method": "GET", "path": "/api/v1/auth/devices", "latency_ms": 16.91, "status_code": 200, "type": "apm_metrics"}}
{"timestamp": "2026-08-13 14:14:09,098", "level": "INFO", "logger": "root", "message": "APM TRACE: GET /api/v1/auth/devices completed in 10.92ms with status 200", "extra_data": {"method": "GET", "path": "/api/v1/auth/devices", "latency_ms": 10.92, "status_code": 200, "type": "apm_metrics"}}
{"timestamp": "2026-08-13 14:20:55,164", "level": "INFO", "logger": "root", "message": "APM TRACE: GET /api/v1/auth/devices completed in 21.96ms with status 200", "extra_data": {"method": "GET", "path": "/api/v1/auth/devices", "latency_ms": 21.96, "status_code": 200, "type": "apm_metrics"}}
{"timestamp": "2026-08-13 14:20:55,316", "level": "INFO", "logger": "root", "message": "APM TRACE: GET /api/v1/auth/devices completed in 22.01ms with status 200", "extra_data": {"method": "GET", "path": "/api/v1/auth/devices", "latency_ms": 22.01, "status_code": 200, "type": "apm_metrics"}}
{"timestamp": "2026-08-13 14:21:25,107", "level": "INFO", "logger": "root", "message": "APM TRACE: GET /api/v1/auth/devices completed in 10.52ms with status 200", "extra_data": {"method": "GET", "path": "/api/v1/auth/devices", "latency_ms": 10.52, "status_code": 200, "type": "apm_metrics"}}
{"timestamp": "2026-08-13 14:21:55,968", "level": "INFO", "logger": "root", "message": "APM TRACE: GET /api/v1/auth/devices completed in 11.06ms with status 200", "extra_data": {"method": "GET", "path": "/api/v1/auth/devices", "latency_ms": 11.06, "status_code": 200, "type": "apm_metrics"}}
{"timestamp": "2026-08-13 14:22:25,771", "level": "INFO", "logger": "root", "message": "APM TRACE: GET /api/v1/auth/devices completed in 18.20ms with status 200", "extra_data": {"method": "GET", "path": "/api/v1/auth/devices", "latency_ms": 18.2, "status_code": 200, "type": "apm_metrics"}}
{"timestamp": "2026-08-13 14:22:55,086", "level": "INFO", "logger": "root", "message": "APM TRACE: GET /api/v1/auth/devices completed in 4.10ms with status 200", "extra_data": {"method": "GET", "path": "/api/v1/auth/devices", "latency_ms": 4.1, "status_code": 200, "type": "apm_metrics"}}
{"timestamp": "2026-08-13 14:23:25,527", "level": "INFO", "logger": "root", "message": "APM TRACE: GET /api/v1/auth/devices completed in 9.88ms with status 200", "extra_data": {"method": "GET", "path": "/api/v1/auth/devices", "latency_ms": 9.88, "status_code": 200, "type": "apm_metrics"}}
{"timestamp": "2026-08-13 14:23:55,531", "level": "INFO", "logger": "root", "message": "APM TRACE: GET /api/v1/auth/devices completed in 8.90ms with status 200", "extra_data": {"method": "GET", "path": "/api/v1/auth/devices", "latency_ms": 8.9, "status_code": 200, "type": "apm_metrics"}}
{"timestamp": "2026-08-13 14:24:59,688", "level": "INFO", "logger": "root", "message": "APM TRACE: GET /api/v1/auth/devices completed in 181.26ms with status 401", "extra_data": {"method": "GET", "path": "/api/v1/auth/devices", "latency_ms": 181.26, "status_code": 401, "type": "apm_metrics"}}
{"timestamp": "2026-08-13 14:24:59,713", "level": "WARNING", "logger": "app.main", "message": "Failed to decode JWT for audit middleware: Signature has expired."}
{"timestamp": "2026-08-13 14:25:59,554", "level": "INFO", "logger": "root", "message": "APM TRACE: GET /api/v1/auth/devices completed in 6.89ms with status 401", "extra_data": {"method": "GET", "path": "/api/v1/auth/devices", "latency_ms": 6.89, "status_code": 401, "type": "apm_metrics"}}
{"timestamp": "2026-08-13 14:25:59,556", "level": "WARNING", "logger": "app.main", "message": "Failed to decode JWT for audit middleware: Signature has expired."}
{"timestamp": "2026-08-13 14:26:59,527", "level": "INFO", "logger": "root", "message": "APM TRACE: GET /api/v1/auth/devices completed in 6.45ms with status 401", "extra_data": {"method": "GET", "path": "/api/v1/auth/devices", "latency_ms": 6.45, "status_code": 401, "type": "apm_metrics"}}
{"timestamp": "2026-08-13 14:26:59,530", "level": "WARNING", "logger": "app.main", "message": "Failed to decode JWT for audit middleware: Signature has expired."}
{"timestamp": "2026-08-13 14:27:59,547", "level": "INFO", "logger": "root", "message": "APM TRACE: GET /api/v1/auth/devices completed in 4.66ms with status 401", "extra_data": {"method": "GET", "path": "/api/v1/auth/devices", "latency_ms": 4.66, "status_code": 401, "type": "apm_metrics"}}
{"timestamp": "2026-08-13 14:27:59,550", "level": "WARNING", "logger": "app.main", "message": "Failed to decode JWT for audit middleware: Signature has expired."}
{"timestamp": "2026-08-13 14:28:59,515", "level": "INFO", "logger": "root", "message": "APM TRACE: GET /api/v1/auth/devices completed in 3.37ms with status 401", "extra_data": {"method": "GET", "path": "/api/v1/auth/devices", "latency_ms": 3.37, "status_code": 401, "type": "apm_metrics"}}
{"timestamp": "2026-08-13 14:28:59,755", "level": "WARNING", "logger": "app.main", "message": "Failed to decode JWT for audit middleware: Signature has expired."}
{"timestamp": "2026-08-13 14:29:59,516", "level": "INFO", "logger": "root", "message": "APM TRACE: GET /api/v1/auth/devices completed in 4.46ms with status 401", "extra_data": {"method": "GET", "path": "/api/v1/auth/devices", "latency_ms": 4.46, "status_code": 401, "type": "apm_metrics"}}
{"timestamp": "2026-08-13 14:29:59,530", "level": "WARNING", "logger": "app.main", "message": "Failed to decode JWT for audit middleware: Signature has expired."}
{"timestamp": "2026-08-13 14:30:59,495", "level": "INFO", "logger": "root", "message": "APM TRACE: GET /api/v1/auth/devices completed in 1.89ms with status 401", "extra_data": {"method": "GET", "path": "/api/v1/auth/devices", "latency_ms": 1.89, "status_code": 401, "type": "apm_metrics"}}
{"timestamp": "2026-08-13 14:30:59,497", "level": "WARNING", "logger": "app.main", "message": "Failed to decode JWT for audit middleware: Signature has expired."}
{"timestamp": "2026-08-13 14:31:59,532", "level": "INFO", "logger": "root", "message": "APM TRACE: GET /api/v1/auth/devices completed in 3.75ms with status 401", "extra_data": {"method": "GET", "path": "/api/v1/auth/devices", "latency_ms": 3.75, "status_code": 401, "type": "apm_metrics"}}
{"timestamp": "2026-08-13 14:32:01,358", "level": "WARNING", "logger": "app.main", "message": "Failed to decode JWT for audit middleware: Signature has expired."}
{"timestamp": "2026-08-13 14:32:59,508", "level": "INFO", "logger": "root", "message": "APM TRACE: GET /api/v1/auth/devices completed in 3.31ms with status 401", "extra_data": {"method": "GET", "path": "/api/v1/auth/devices", "latency_ms": 3.31, "status_code": 401, "type": "apm_metrics"}}
{"timestamp": "2026-08-13 14:32:59,511", "level": "WARNING", "logger": "app.main", "message": "Failed to decode JWT for audit middleware: Signature has expired."}
{"timestamp": "2026-08-13 14:33:59,533", "level": "INFO", "logger": "root", "message": "APM TRACE: GET /api/v1/auth/devices completed in 3.13ms with status 401", "extra_data": {"method": "GET", "path": "/api/v1/auth/devices", "latency_ms": 3.13, "status_code": 401, "type": "apm_metrics"}}
{"timestamp": "2026-08-13 14:33:59,535", "level": "WARNING", "logger": "app.main", "message": "Failed to decode JWT for audit middleware: Signature has expired."}
{"timestamp": "2026-08-13 14:34:59,498", "level": "INFO", "logger": "root", "message": "APM TRACE: GET /api/v1/auth/devices completed in 2.14ms with status 401", "extra_data": {"method": "GET", "path": "/api/v1/auth/devices", "latency_ms": 2.14, "status_code": 401, "type": "apm_metrics"}}
{"timestamp": "2026-08-13 14:34:59,500", "level": "WARNING", "logger": "app.main", "message": "Failed to decode JWT for audit middleware: Signature has expired."}
{"timestamp": "2026-08-13 14:35:59,513", "level": "INFO", "logger": "root", "message": "APM TRACE: GET /api/v1/auth/devices completed in 2.82ms with status 401", "extra_data": {"method": "GET", "path": "/api/v1/auth/devices", "latency_ms": 2.82, "status_code": 401, "type": "apm_metrics"}}
{"timestamp": "2026-08-13 14:35:59,515", "level": "WARNING", "logger": "app.main", "message": "Failed to decode JWT for audit middleware: Signature has expired."}
{"timestamp": "2026-08-13 14:37:00,495", "level": "INFO", "logger": "root", "message": "APM TRACE: GET /api/v1/auth/devices completed in 2.31ms with status 401", "extra_data": {"method": "GET", "path": "/api/v1/auth/devices", "latency_ms": 2.31, "status_code": 401, "type": "apm_metrics"}}
{"timestamp": "2026-08-13 14:37:00,497", "level": "WARNING", "logger": "app.main", "message": "Failed to decode JWT for audit middleware: Signature has expired."}
{"timestamp": "2026-08-13 14:37:59,512", "level": "INFO", "logger": "root", "message": "APM TRACE: GET /api/v1/auth/devices completed in 4.67ms with status 401", "extra_data": {"method": "GET", "path": "/api/v1/auth/devices", "latency_ms": 4.67, "status_code": 401, "type": "apm_metrics"}}
{"timestamp": "2026-08-13 14:37:59,516", "level": "WARNING", "logger": "app.main", "message": "Failed to decode JWT for audit middleware: Signature has expired."}
{"timestamp": "2026-08-13 14:39:00,055", "level": "INFO", "logger": "root", "message": "APM TRACE: GET /api/v1/auth/devices completed in 2.37ms with status 401", "extra_data": {"method": "GET", "path": "/api/v1/auth/devices", "latency_ms": 2.37, "status_code": 401, "type": "apm_metrics"}}
{"timestamp": "2026-08-13 14:39:00,056", "level": "WARNING", "logger": "app.main", "message": "Failed to decode JWT for audit middleware: Signature has expired."}
{"timestamp": "2026-08-13 14:39:59,515", "level": "INFO", "logger": "root", "message": "APM TRACE: GET /api/v1/auth/devices completed in 8.96ms with status 401", "extra_data": {"method": "GET", "path": "/api/v1/auth/devices", "latency_ms": 8.96, "status_code": 401, "type": "apm_metrics"}}
{"timestamp": "2026-08-13 14:39:59,518", "level": "WARNING", "logger": "app.main", "message": "Failed to decode JWT for audit middleware: Signature has expired."}
{"timestamp": "2026-08-13 14:40:59,504", "level": "INFO", "logger": "root", "message": "APM TRACE: GET /api/v1/auth/devices completed in 1.59ms with status 401", "extra_data": {"method": "GET", "path": "/api/v1/auth/devices", "latency_ms": 1.59, "status_code": 401, "type": "apm_metrics"}}
{"timestamp": "2026-08-13 14:40:59,519", "level": "WARNING", "logger": "app.main", "message": "Failed to decode JWT for audit middleware: Signature has expired."}
{"timestamp": "2026-08-13 14:41:59,515", "level": "INFO", "logger": "root", "message": "APM TRACE: GET /api/v1/auth/devices completed in 3.94ms with status 401", "extra_data": {"method": "GET", "path": "/api/v1/auth/devices", "latency_ms": 3.94, "status_code": 401, "type": "apm_metrics"}}
{"timestamp": "2026-08-13 14:41:59,517", "level": "WARNING", "logger": "app.main", "message": "Failed to decode JWT for audit middleware: Signature has expired."}
{"timestamp": "2026-08-13 14:42:59,989", "level": "INFO", "logger": "root", "message": "APM TRACE: GET /api/v1/auth/devices completed in 4.34ms with status 401", "extra_data": {"method": "GET", "path": "/api/v1/auth/devices", "latency_ms": 4.34, "status_code": 401, "type": "apm_metrics"}}
{"timestamp": "2026-08-13 14:42:59,992", "level": "WARNING", "logger": "app.main", "message": "Failed to decode JWT for audit middleware: Signature has expired."}
{"timestamp": "2026-08-13 14:43:59,513", "level": "INFO", "logger": "root", "message": "APM TRACE: GET /api/v1/auth/devices completed in 3.90ms with status 401", "extra_data": {"method": "GET", "path": "/api/v1/auth/devices", "latency_ms": 3.9, "status_code": 401, "type": "apm_metrics"}}
{"timestamp": "2026-08-13 14:44:00,162", "level": "WARNING", "logger": "app.main", "message": "Failed to decode JWT for audit middleware: Signature has expired."}
{"timestamp": "2026-08-13 14:44:59,510", "level": "INFO", "logger": "root", "message": "APM TRACE: GET /api/v1/auth/devices completed in 4.04ms with status 401", "extra_data": {"method": "GET", "path": "/api/v1/auth/devices", "latency_ms": 4.04, "status_code": 401, "type": "apm_metrics"}}
{"timestamp": "2026-08-13 14:44:59,513", "level": "WARNING", "logger": "app.main", "message": "Failed to decode JWT for audit middleware: Signature has expired."}
{"timestamp": "2026-08-13 14:45:59,521", "level": "INFO", "logger": "root", "message": "APM TRACE: GET /api/v1/auth/devices completed in 5.47ms with status 401", "extra_data": {"method": "GET", "path": "/api/v1/auth/devices", "latency_ms": 5.47, "status_code": 401, "type": "apm_metrics"}}
{"timestamp": "2026-08-13 14:45:59,524", "level": "WARNING", "logger": "app.main", "message": "Failed to decode JWT for audit middleware: Signature has expired."}
{"timestamp": "2026-08-13 14:46:59,506", "level": "INFO", "logger": "root", "message": "APM TRACE: GET /api/v1/auth/devices completed in 3.38ms with status 401", "extra_data": {"method": "GET", "path": "/api/v1/auth/devices", "latency_ms": 3.38, "status_code": 401, "type": "apm_metrics"}}
{"timestamp": "2026-08-13 14:46:59,509", "level": "WARNING", "logger": "app.main", "message": "Failed to decode JWT for audit middleware: Signature has expired."}
{"timestamp": "2026-08-13 14:47:59,514", "level": "INFO", "logger": "root", "message": "APM TRACE: GET /api/v1/auth/devices completed in 3.29ms with status 401", "extra_data": {"method": "GET", "path": "/api/v1/auth/devices", "latency_ms": 3.29, "status_code": 401, "type": "apm_metrics"}}
{"timestamp": "2026-08-13 14:47:59,516", "level": "WARNING", "logger": "app.main", "message": "Failed to decode JWT for audit middleware: Signature has expired."}
{"timestamp": "2026-08-13 14:49:00,946", "level": "INFO", "logger": "root", "message": "APM TRACE: GET /api/v1/auth/devices completed in 3.80ms with status 401", "extra_data": {"method": "GET", "path": "/api/v1/auth/devices", "latency_ms": 3.8, "status_code": 401, "type": "apm_metrics"}}
{"timestamp": "2026-08-13 14:49:00,948", "level": "WARNING", "logger": "app.main", "message": "Failed to decode JWT for audit middleware: Signature has expired."}
{"timestamp": "2026-08-13 14:49:59,545", "level": "INFO", "logger": "root", "message": "APM TRACE: GET /api/v1/auth/devices completed in 2.59ms with status 401", "extra_data": {"method": "GET", "path": "/api/v1/auth/devices", "latency_ms": 2.59, "status_code": 401, "type": "apm_metrics"}}
{"timestamp": "2026-08-13 14:49:59,547", "level": "WARNING", "logger": "app.main", "message": "Failed to decode JWT for audit middleware: Signature has expired."}
{"timestamp": "2026-08-13 14:50:59,525", "level": "INFO", "logger": "root", "message": "APM TRACE: GET /api/v1/auth/devices completed in 4.13ms with status 401", "extra_data": {"method": "GET", "path": "/api/v1/auth/devices", "latency_ms": 4.13, "status_code": 401, "type": "apm_metrics"}}
{"timestamp": "2026-08-13 14:50:59,647", "level": "WARNING", "logger": "app.main", "message": "Failed to decode JWT for audit middleware: Signature has expired."}
{"timestamp": "2026-08-13 14:51:59,504", "level": "INFO", "logger": "root", "message": "APM TRACE: GET /api/v1/auth/devices completed in 1.94ms with status 401", "extra_data": {"method": "GET", "path": "/api/v1/auth/devices", "latency_ms": 1.94, "status_code": 401, "type": "apm_metrics"}}
{"timestamp": "2026-08-13 14:51:59,506", "level": "WARNING", "logger": "app.main", "message": "Failed to decode JWT for audit middleware: Signature has expired."}
{"timestamp": "2026-08-13 14:52:59,682", "level": "INFO", "logger": "root", "message": "APM TRACE: GET /api/v1/auth/devices completed in 5.39ms with status 401", "extra_data": {"method": "GET", "path": "/api/v1/auth/devices", "latency_ms": 5.39, "status_code": 401, "type": "apm_metrics"}}
{"timestamp": "2026-08-13 14:52:59,685", "level": "WARNING", "logger": "app.main", "message": "Failed to decode JWT for audit middleware: Signature has expired."}
{"timestamp": "2026-08-13 14:53:59,517", "level": "INFO", "logger": "root", "message": "APM TRACE: GET /api/v1/auth/devices completed in 2.64ms with status 401", "extra_data": {"method": "GET", "path": "/api/v1/auth/devices", "latency_ms": 2.64, "status_code": 401, "type": "apm_metrics"}}
{"timestamp": "2026-08-13 14:53:59,520", "level": "WARNING", "logger": "app.main", "message": "Failed to decode JWT for audit middleware: Signature has expired."}
{"timestamp": "2026-08-13 14:54:59,513", "level": "INFO", "logger": "root", "message": "APM TRACE: GET /api/v1/auth/devices completed in 2.68ms with status 401", "extra_data": {"method": "GET", "path": "/api/v1/auth/devices", "latency_ms": 2.68, "status_code": 401, "type": "apm_metrics"}}
{"timestamp": "2026-08-13 14:54:59,515", "level": "WARNING", "logger": "app.main", "message": "Failed to decode JWT for audit middleware: Signature has expired."}
{"timestamp": "2026-08-13 14:55:17,222", "level": "INFO", "logger": "root", "message": "APM TRACE: GET /api/v1/auth/devices completed in 3.29ms with status 401", "extra_data": {"method": "GET", "path": "/api/v1/auth/devices", "latency_ms": 3.29, "status_code": 401, "type": "apm_metrics"}}
{"timestamp": "2026-08-13 14:55:17,225", "level": "WARNING", "logger": "app.main", "message": "Failed to decode JWT for audit middleware: Signature has expired."}
{"timestamp": "2026-08-13 14:55:47,553", "level": "INFO", "logger": "root", "message": "APM TRACE: GET /api/v1/auth/devices completed in 1.94ms with status 401", "extra_data": {"method": "GET", "path": "/api/v1/auth/devices", "latency_ms": 1.94, "status_code": 401, "type": "apm_metrics"}}
{"timestamp": "2026-08-13 14:55:47,555", "level": "WARNING", "logger": "app.main", "message": "Failed to decode JWT for audit middleware: Signature has expired."}
{"timestamp": "2026-08-13 14:56:17,515", "level": "INFO", "logger": "root", "message": "APM TRACE: GET /api/v1/auth/devices completed in 4.01ms with status 401", "extra_data": {"method": "GET", "path": "/api/v1/auth/devices", "latency_ms": 4.01, "status_code": 401, "type": "apm_metrics"}}
{"timestamp": "2026-08-13 14:56:17,571", "level": "WARNING", "logger": "app.main", "message": "Failed to decode JWT for audit middleware: Signature has expired."}
{"timestamp": "2026-08-13 14:56:47,511", "level": "INFO", "logger": "root", "message": "APM TRACE: GET /api/v1/auth/devices completed in 2.13ms with status 401", "extra_data": {"method": "GET", "path": "/api/v1/auth/devices", "latency_ms": 2.13, "status_code": 401, "type": "apm_metrics"}}
{"timestamp": "2026-08-13 14:56:47,869", "level": "WARNING", "logger": "app.main", "message": "Failed to decode JWT for audit middleware: Signature has expired."}
{"timestamp": "2026-08-13 14:57:17,519", "level": "INFO", "logger": "root", "message": "APM TRACE: GET /api/v1/auth/devices completed in 1.30ms with status 401", "extra_data": {"method": "GET", "path": "/api/v1/auth/devices", "latency_ms": 1.3, "status_code": 401, "type": "apm_metrics"}}
{"timestamp": "2026-08-13 14:57:17,521", "level": "WARNING", "logger": "app.main", "message": "Failed to decode JWT for audit middleware: Signature has expired."}
{"timestamp": "2026-08-13 14:57:47,519", "level": "INFO", "logger": "root", "message": "APM TRACE: GET /api/v1/auth/devices completed in 5.42ms with status 401", "extra_data": {"method": "GET", "path": "/api/v1/auth/devices", "latency_ms": 5.42, "status_code": 401, "type": "apm_metrics"}}
{"timestamp": "2026-08-13 14:57:47,552", "level": "WARNING", "logger": "app.main", "message": "Failed to decode JWT for audit middleware: Signature has expired."}
{"timestamp": "2026-08-13 14:58:17,514", "level": "INFO", "logger": "root", "message": "APM TRACE: GET /api/v1/auth/devices completed in 5.95ms with status 401", "extra_data": {"method": "GET", "path": "/api/v1/auth/devices", "latency_ms": 5.95, "status_code": 401, "type": "apm_metrics"}}
{"timestamp": "2026-08-13 14:58:17,516", "level": "WARNING", "logger": "app.main", "message": "Failed to decode JWT for audit middleware: Signature has expired."}
{"timestamp": "2026-08-13 14:58:59,519", "level": "INFO", "logger": "root", "message": "APM TRACE: GET /api/v1/auth/devices completed in 3.74ms with status 401", "extra_data": {"method": "GET", "path": "/api/v1/auth/devices", "latency_ms": 3.74, "status_code": 401, "type": "apm_metrics"}}
{"timestamp": "2026-08-13 14:58:59,533", "level": "WARNING", "logger": "app.main", "message": "Failed to decode JWT for audit middleware: Signature has expired."}
{"timestamp": "2026-08-13 14:59:59,514", "level": "INFO", "logger": "root", "message": "APM TRACE: GET /api/v1/auth/devices completed in 4.36ms with status 401", "extra_data": {"method": "GET", "path": "/api/v1/auth/devices", "latency_ms": 4.36, "status_code": 401, "type": "apm_metrics"}}
{"timestamp": "2026-08-13 14:59:59,796", "level": "WARNING", "logger": "app.main", "message": "Failed to decode JWT for audit middleware: Signature has expired."}
{"timestamp": "2026-08-13 15:00:26,904", "level": "INFO", "logger": "root", "message": "APM TRACE: GET /api/v1/auth/devices completed in 5.63ms with status 401", "extra_data": {"method": "GET", "path": "/api/v1/auth/devices", "latency_ms": 5.63, "status_code": 401, "type": "apm_metrics"}}
{"timestamp": "2026-08-13 15:00:26,907", "level": "WARNING", "logger": "app.main", "message": "Failed to decode JWT for audit middleware: Signature has expired."}
{"timestamp": "2026-08-13 15:00:33,264", "level": "INFO", "logger": "root", "message": "APM TRACE: GET /api/v1/auth/devices completed in 7.15ms with status 401", "extra_data": {"method": "GET", "path": "/api/v1/auth/devices", "latency_ms": 7.15, "status_code": 401, "type": "apm_metrics"}}
{"timestamp": "2026-08-13 15:00:33,266", "level": "WARNING", "logger": "app.main", "message": "Failed to decode JWT for audit middleware: Signature has expired."}
{"timestamp": "2026-08-13 15:00:33,280", "level": "INFO", "logger": "root", "message": "APM TRACE: GET /api/v1/auth/devices completed in 2.00ms with status 401", "extra_data": {"method": "GET", "path": "/api/v1/auth/devices", "latency_ms": 2.0, "status_code": 401, "type": "apm_metrics"}}
{"timestamp": "2026-08-13 15:00:33,282", "level": "WARNING", "logger": "app.main", "message": "Failed to decode JWT for audit middleware: Signature has expired."}
{"timestamp": "2026-08-13 15:01:03,273", "level": "INFO", "logger": "root", "message": "APM TRACE: GET /api/v1/auth/devices completed in 2.44ms with status 401", "extra_data": {"method": "GET", "path": "/api/v1/auth/devices", "latency_ms": 2.44, "status_code": 401, "type": "apm_metrics"}}
{"timestamp": "2026-08-13 15:01:03,277", "level": "WARNING", "logger": "app.main", "message": "Failed to decode JWT for audit middleware: Signature has expired."}
{"timestamp": "2026-08-13 15:01:28,426", "level": "INFO", "logger": "root", "message": "APM TRACE: GET /api/v1/auth/devices completed in 4.91ms with status 401", "extra_data": {"method": "GET", "path": "/api/v1/auth/devices", "latency_ms": 4.91, "status_code": 401, "type": "apm_metrics"}}
{"timestamp": "2026-08-13 15:01:28,428", "level": "WARNING", "logger": "app.main", "message": "Failed to decode JWT for audit middleware: Signature has expired."}
{"timestamp": "2026-08-13 15:01:28,451", "level": "INFO", "logger": "root", "message": "APM TRACE: GET /api/v1/auth/devices completed in 5.20ms with status 401", "extra_data": {"method": "GET", "path": "/api/v1/auth/devices", "latency_ms": 5.2, "status_code": 401, "type": "apm_metrics"}}
{"timestamp": "2026-08-13 15:01:28,453", "level": "WARNING", "logger": "app.main", "message": "Failed to decode JWT for audit middleware: Signature has expired."}
{"timestamp": "2026-08-13 15:01:28,472", "level": "INFO", "logger": "root", "message": "APM TRACE: GET /api/v1/internal/ingestion/health completed in 15.21ms with status 200", "extra_data": {"method": "GET", "path": "/api/v1/internal/ingestion/health", "latency_ms": 15.21, "status_code": 200, "type": "apm_metrics"}}
{"timestamp": "2026-08-13 15:01:28,473", "level": "WARNING", "logger": "app.main", "message": "Failed to decode JWT for audit middleware: Signature has expired."}
{"timestamp": "2026-08-13 15:01:28,497", "level": "INFO", "logger": "root", "message": "APM TRACE: GET /api/v1/internal/ingestion/health completed in 12.53ms with status 200", "extra_data": {"method": "GET", "path": "/api/v1/internal/ingestion/health", "latency_ms": 12.53, "status_code": 200, "type": "apm_metrics"}}
{"timestamp": "2026-08-13 15:01:28,498", "level": "WARNING", "logger": "app.main", "message": "Failed to decode JWT for audit middleware: Signature has expired."}
{"timestamp": "2026-08-13 15:01:58,386", "level": "INFO", "logger": "root", "message": "APM TRACE: GET /api/v1/auth/devices completed in 3.04ms with status 401", "extra_data": {"method": "GET", "path": "/api/v1/auth/devices", "latency_ms": 3.04, "status_code": 401, "type": "apm_metrics"}}
{"timestamp": "2026-08-13 15:01:58,388", "level": "WARNING", "logger": "app.main", "message": "Failed to decode JWT for audit middleware: Signature has expired."}
{"timestamp": "2026-08-13 15:01:58,412", "level": "INFO", "logger": "root", "message": "APM TRACE: GET /api/v1/auth/devices completed in 7.01ms with status 401", "extra_data": {"method": "GET", "path": "/api/v1/auth/devices", "latency_ms": 7.01, "status_code": 401, "type": "apm_metrics"}}
{"timestamp": "2026-08-13 15:01:58,414", "level": "WARNING", "logger": "app.main", "message": "Failed to decode JWT for audit middleware: Signature has expired."}
{"timestamp": "2026-08-13 15:01:58,434", "level": "INFO", "logger": "root", "message": "APM TRACE: GET /api/v1/internal/ingestion/health completed in 16.79ms with status 200", "extra_data": {"method": "GET", "path": "/api/v1/internal/ingestion/health", "latency_ms": 16.79, "status_code": 200, "type": "apm_metrics"}}
{"timestamp": "2026-08-13 15:01:58,436", "level": "WARNING", "logger": "app.main", "message": "Failed to decode JWT for audit middleware: Signature has expired."}
{"timestamp": "2026-08-13 15:01:58,468", "level": "INFO", "logger": "root", "message": "APM TRACE: GET /api/v1/internal/ingestion/health completed in 15.37ms with status 200", "extra_data": {"method": "GET", "path": "/api/v1/internal/ingestion/health", "latency_ms": 15.37, "status_code": 200, "type": "apm_metrics"}}
{"timestamp": "2026-08-13 15:01:58,470", "level": "WARNING", "logger": "app.main", "message": "Failed to decode JWT for audit middleware: Signature has expired."}
{"timestamp": "2026-08-13 15:02:35,366", "level": "INFO", "logger": "root", "message": "APM TRACE: GET /api/v1/auth/devices completed in 14.55ms with status 401", "extra_data": {"method": "GET", "path": "/api/v1/auth/devices", "latency_ms": 14.55, "status_code": 401, "type": "apm_metrics"}}
{"timestamp": "2026-08-13 15:02:35,369", "level": "WARNING", "logger": "app.main", "message": "Failed to decode JWT for audit middleware: Signature has expired."}
{"timestamp": "2026-08-13 15:02:35,445", "level": "INFO", "logger": "root", "message": "APM TRACE: GET /api/v1/auth/devices completed in 1.75ms with status 401", "extra_data": {"method": "GET", "path": "/api/v1/auth/devices", "latency_ms": 1.75, "status_code": 401, "type": "apm_metrics"}}
{"timestamp": "2026-08-13 15:02:35,447", "level": "WARNING", "logger": "app.main", "message": "Failed to decode JWT for audit middleware: Signature has expired."}
{"timestamp": "2026-08-13 15:03:05,374", "level": "INFO", "logger": "root", "message": "APM TRACE: GET /api/v1/auth/devices completed in 5.50ms with status 401", "extra_data": {"method": "GET", "path": "/api/v1/auth/devices", "latency_ms": 5.5, "status_code": 401, "type": "apm_metrics"}}
{"timestamp": "2026-08-13 15:03:05,376", "level": "WARNING", "logger": "app.main", "message": "Failed to decode JWT for audit middleware: Signature has expired."}
{"timestamp": "2026-08-13 15:03:35,384", "level": "INFO", "logger": "root", "message": "APM TRACE: GET /api/v1/auth/devices completed in 3.71ms with status 401", "extra_data": {"method": "GET", "path": "/api/v1/auth/devices", "latency_ms": 3.71, "status_code": 401, "type": "apm_metrics"}}
{"timestamp": "2026-08-13 15:03:35,387", "level": "WARNING", "logger": "app.main", "message": "Failed to decode JWT for audit middleware: Signature has expired."}
{"timestamp": "2026-08-13 15:04:05,510", "level": "INFO", "logger": "root", "message": "APM TRACE: GET /api/v1/auth/devices completed in 3.94ms with status 401", "extra_data": {"method": "GET", "path": "/api/v1/auth/devices", "latency_ms": 3.94, "status_code": 401, "type": "apm_metrics"}}
{"timestamp": "2026-08-13 15:04:05,513", "level": "WARNING", "logger": "app.main", "message": "Failed to decode JWT for audit middleware: Signature has expired."}
{"timestamp": "2026-08-13 15:04:35,513", "level": "INFO", "logger": "root", "message": "APM TRACE: GET /api/v1/auth/devices completed in 3.47ms with status 401", "extra_data": {"method": "GET", "path": "/api/v1/auth/devices", "latency_ms": 3.47, "status_code": 401, "type": "apm_metrics"}}
{"timestamp": "2026-08-13 15:04:35,515", "level": "WARNING", "logger": "app.main", "message": "Failed to decode JWT for audit middleware: Signature has expired."}
{"timestamp": "2026-08-13 15:04:47,372", "level": "INFO", "logger": "root", "message": "APM TRACE: POST /api/v1/auth/login completed in 1555.96ms with status 200", "extra_data": {"method": "POST", "path": "/api/v1/auth/login", "latency_ms": 1555.96, "status_code": 200, "type": "apm_metrics"}}
{"timestamp": "2026-08-13 15:04:47,501", "level": "INFO", "logger": "root", "message": "APM TRACE: GET /api/v1/auth/devices completed in 13.18ms with status 200", "extra_data": {"method": "GET", "path": "/api/v1/auth/devices", "latency_ms": 13.18, "status_code": 200, "type": "apm_metrics"}}
{"timestamp": "2026-08-13 15:05:06,369", "level": "INFO", "logger": "root", "message": "APM TRACE: GET /api/v1/auth/devices completed in 4.09ms with status 401", "extra_data": {"method": "GET", "path": "/api/v1/auth/devices", "latency_ms": 4.09, "status_code": 401, "type": "apm_metrics"}}
{"timestamp": "2026-08-13 15:05:06,372", "level": "WARNING", "logger": "app.main", "message": "Failed to decode JWT for audit middleware: Signature has expired."}
{"timestamp": "2026-08-13 15:05:35,511", "level": "INFO", "logger": "root", "message": "APM TRACE: GET /api/v1/auth/devices completed in 5.54ms with status 401", "extra_data": {"method": "GET", "path": "/api/v1/auth/devices", "latency_ms": 5.54, "status_code": 401, "type": "apm_metrics"}}
{"timestamp": "2026-08-13 15:05:35,515", "level": "WARNING", "logger": "app.main", "message": "Failed to decode JWT for audit middleware: Signature has expired."}
{"timestamp": "2026-08-13 15:06:59,518", "level": "INFO", "logger": "root", "message": "APM TRACE: GET /api/v1/auth/devices completed in 4.34ms with status 401", "extra_data": {"method": "GET", "path": "/api/v1/auth/devices", "latency_ms": 4.34, "status_code": 401, "type": "apm_metrics"}}
{"timestamp": "2026-08-13 15:06:59,521", "level": "WARNING", "logger": "app.main", "message": "Failed to decode JWT for audit middleware: Signature has expired."}
{"timestamp": "2026-08-13 15:07:59,514", "level": "INFO", "logger": "root", "message": "APM TRACE: GET /api/v1/auth/devices completed in 2.99ms with status 401", "extra_data": {"method": "GET", "path": "/api/v1/auth/devices", "latency_ms": 2.99, "status_code": 401, "type": "apm_metrics"}}
{"timestamp": "2026-08-13 15:07:59,517", "level": "WARNING", "logger": "app.main", "message": "Failed to decode JWT for audit middleware: Signature has expired."}
{"timestamp": "2026-08-13 15:08:59,508", "level": "INFO", "logger": "root", "message": "APM TRACE: GET /api/v1/auth/devices completed in 2.62ms with status 401", "extra_data": {"method": "GET", "path": "/api/v1/auth/devices", "latency_ms": 2.62, "status_code": 401, "type": "apm_metrics"}}
{"timestamp": "2026-08-13 15:08:59,510", "level": "WARNING", "logger": "app.main", "message": "Failed to decode JWT for audit middleware: Signature has expired."}
{"timestamp": "2026-08-13 15:09:59,523", "level": "INFO", "logger": "root", "message": "APM TRACE: GET /api/v1/auth/devices completed in 6.11ms with status 401", "extra_data": {"method": "GET", "path": "/api/v1/auth/devices", "latency_ms": 6.11, "status_code": 401, "type": "apm_metrics"}}
{"timestamp": "2026-08-13 15:09:59,526", "level": "WARNING", "logger": "app.main", "message": "Failed to decode JWT for audit middleware: Signature has expired."}
{"timestamp": "2026-08-13 15:10:59,779", "level": "INFO", "logger": "root", "message": "APM TRACE: GET /api/v1/auth/devices completed in 1.68ms with status 401", "extra_data": {"method": "GET", "path": "/api/v1/auth/devices", "latency_ms": 1.68, "status_code": 401, "type": "apm_metrics"}}
{"timestamp": "2026-08-13 15:10:59,780", "level": "WARNING", "logger": "app.main", "message": "Failed to decode JWT for audit middleware: Signature has expired."}
{"timestamp": "2026-08-13 15:11:59,501", "level": "INFO", "logger": "root", "message": "APM TRACE: GET /api/v1/auth/devices completed in 2.62ms with status 401", "extra_data": {"method": "GET", "path": "/api/v1/auth/devices", "latency_ms": 2.62, "status_code": 401, "type": "apm_metrics"}}
{"timestamp": "2026-08-13 15:11:59,534", "level": "WARNING", "logger": "app.main", "message": "Failed to decode JWT for audit middleware: Signature has expired."}
{"timestamp": "2026-08-13 15:12:24,088", "level": "INFO", "logger": "root", "message": "APM TRACE: POST /api/v1/auth/login completed in 2167.23ms with status 200", "extra_data": {"method": "POST", "path": "/api/v1/auth/login", "latency_ms": 2167.23, "status_code": 200, "type": "apm_metrics"}}
{"timestamp": "2026-08-13 15:12:24,259", "level": "INFO", "logger": "root", "message": "APM TRACE: GET /api/v1/auth/devices completed in 10.57ms with status 200", "extra_data": {"method": "GET", "path": "/api/v1/auth/devices", "latency_ms": 10.57, "status_code": 200, "type": "apm_metrics"}}
{"timestamp": "2026-08-13 15:12:59,505", "level": "INFO", "logger": "root", "message": "APM TRACE: GET /api/v1/auth/devices completed in 1.97ms with status 401", "extra_data": {"method": "GET", "path": "/api/v1/auth/devices", "latency_ms": 1.97, "status_code": 401, "type": "apm_metrics"}}
{"timestamp": "2026-08-13 15:12:59,749", "level": "WARNING", "logger": "app.main", "message": "Failed to decode JWT for audit middleware: Signature has expired."}
{"timestamp": "2026-08-13 15:13:59,542", "level": "INFO", "logger": "root", "message": "APM TRACE: GET /api/v1/auth/devices completed in 2.49ms with status 401", "extra_data": {"method": "GET", "path": "/api/v1/auth/devices", "latency_ms": 2.49, "status_code": 401, "type": "apm_metrics"}}
{"timestamp": "2026-08-13 15:13:59,544", "level": "WARNING", "logger": "app.main", "message": "Failed to decode JWT for audit middleware: Signature has expired."}
{"timestamp": "2026-08-13 15:15:00,198", "level": "INFO", "logger": "root", "message": "APM TRACE: GET /api/v1/auth/devices completed in 4.32ms with status 401", "extra_data": {"method": "GET", "path": "/api/v1/auth/devices", "latency_ms": 4.32, "status_code": 401, "type": "apm_metrics"}}
{"timestamp": "2026-08-13 15:15:00,201", "level": "WARNING", "logger": "app.main", "message": "Failed to decode JWT for audit middleware: Signature has expired."}
{"timestamp": "2026-08-13 15:15:59,515", "level": "INFO", "logger": "root", "message": "APM TRACE: GET /api/v1/auth/devices completed in 4.18ms with status 401", "extra_data": {"method": "GET", "path": "/api/v1/auth/devices", "latency_ms": 4.18, "status_code": 401, "type": "apm_metrics"}}
{"timestamp": "2026-08-13 15:15:59,570", "level": "WARNING", "logger": "app.main", "message": "Failed to decode JWT for audit middleware: Signature has expired."}
{"timestamp": "2026-08-13 15:16:59,498", "level": "INFO", "logger": "root", "message": "APM TRACE: GET /api/v1/auth/devices completed in 2.29ms with status 401", "extra_data": {"method": "GET", "path": "/api/v1/auth/devices", "latency_ms": 2.29, "status_code": 401, "type": "apm_metrics"}}
{"timestamp": "2026-08-13 15:16:59,564", "level": "WARNING", "logger": "app.main", "message": "Failed to decode JWT for audit middleware: Signature has expired."}
{"timestamp": "2026-08-13 15:17:59,534", "level": "INFO", "logger": "root", "message": "APM TRACE: GET /api/v1/auth/devices completed in 3.60ms with status 401", "extra_data": {"method": "GET", "path": "/api/v1/auth/devices", "latency_ms": 3.6, "status_code": 401, "type": "apm_metrics"}}
{"timestamp": "2026-08-13 15:17:59,540", "level": "WARNING", "logger": "app.main", "message": "Failed to decode JWT for audit middleware: Signature has expired."}
{"timestamp": "2026-08-13 15:18:59,522", "level": "INFO", "logger": "root", "message": "APM TRACE: GET /api/v1/auth/devices completed in 4.36ms with status 401", "extra_data": {"method": "GET", "path": "/api/v1/auth/devices", "latency_ms": 4.36, "status_code": 401, "type": "apm_metrics"}}
{"timestamp": "2026-08-13 15:18:59,734", "level": "WARNING", "logger": "app.main", "message": "Failed to decode JWT for audit middleware: Signature has expired."}
{"timestamp": "2026-08-13 15:19:59,510", "level": "INFO", "logger": "root", "message": "APM TRACE: GET /api/v1/auth/devices completed in 2.44ms with status 401", "extra_data": {"method": "GET", "path": "/api/v1/auth/devices", "latency_ms": 2.44, "status_code": 401, "type": "apm_metrics"}}
{"timestamp": "2026-08-13 15:19:59,513", "level": "WARNING", "logger": "app.main", "message": "Failed to decode JWT for audit middleware: Signature has expired."}
{"timestamp": "2026-08-13 15:20:51,787", "level": "INFO", "logger": "root", "message": "APM TRACE: POST /api/v1/auth/login completed in 1679.26ms with status 200", "extra_data": {"method": "POST", "path": "/api/v1/auth/login", "latency_ms": 1679.26, "status_code": 200, "type": "apm_metrics"}}
{"timestamp": "2026-08-13 15:20:51,933", "level": "INFO", "logger": "root", "message": "APM TRACE: GET /api/v1/auth/devices completed in 12.06ms with status 200", "extra_data": {"method": "GET", "path": "/api/v1/auth/devices", "latency_ms": 12.06, "status_code": 200, "type": "apm_metrics"}}
{"timestamp": "2026-08-13 15:20:51,953", "level": "INFO", "logger": "root", "message": "APM TRACE: GET /api/v1/events/baselines/cf65ce68-8d0a-4217-aa63-24a30f0602c8 completed in 12.48ms with status 200", "extra_data": {"method": "GET", "path": "/api/v1/events/baselines/cf65ce68-8d0a-4217-aa63-24a30f0602c8", "latency_ms": 12.48, "status_code": 200, "type": "apm_metrics"}}
{"timestamp": "2026-08-13 15:20:52,060", "level": "INFO", "logger": "root", "message": "APM TRACE: GET /api/v1/events/scores/cf65ce68-8d0a-4217-aa63-24a30f0602c8 completed in 97.32ms with status 200", "extra_data": {"method": "GET", "path": "/api/v1/events/scores/cf65ce68-8d0a-4217-aa63-24a30f0602c8", "latency_ms": 97.32, "status_code": 200, "type": "apm_metrics"}}
{"timestamp": "2026-08-13 15:20:52,332", "level": "INFO", "logger": "root", "message": "APM TRACE: GET /api/v1/internal/ingestion/health completed in 31.52ms with status 200", "extra_data": {"method": "GET", "path": "/api/v1/internal/ingestion/health", "latency_ms": 31.52, "status_code": 200, "type": "apm_metrics"}}
{"timestamp": "2026-08-13 15:20:59,509", "level": "INFO", "logger": "root", "message": "APM TRACE: GET /api/v1/auth/devices completed in 3.88ms with status 401", "extra_data": {"method": "GET", "path": "/api/v1/auth/devices", "latency_ms": 3.88, "status_code": 401, "type": "apm_metrics"}}
{"timestamp": "2026-08-13 15:20:59,513", "level": "WARNING", "logger": "app.main", "message": "Failed to decode JWT for audit middleware: Signature has expired."}
{"timestamp": "2026-08-13 15:21:45,814", "level": "INFO", "logger": "root", "message": "APM TRACE: POST /api/v1/auth/login completed in 674.02ms with status 200", "extra_data": {"method": "POST", "path": "/api/v1/auth/login", "latency_ms": 674.02, "status_code": 200, "type": "apm_metrics"}}
{"timestamp": "2026-08-13 15:21:45,973", "level": "INFO", "logger": "root", "message": "APM TRACE: GET /api/v1/auth/devices completed in 7.56ms with status 200", "extra_data": {"method": "GET", "path": "/api/v1/auth/devices", "latency_ms": 7.56, "status_code": 200, "type": "apm_metrics"}}
{"timestamp": "2026-08-13 15:21:45,984", "level": "INFO", "logger": "root", "message": "APM TRACE: GET /api/v1/events/baselines/cf65ce68-8d0a-4217-aa63-24a30f0602c8 completed in 4.11ms with status 200", "extra_data": {"method": "GET", "path": "/api/v1/events/baselines/cf65ce68-8d0a-4217-aa63-24a30f0602c8", "latency_ms": 4.11, "status_code": 200, "type": "apm_metrics"}}
{"timestamp": "2026-08-13 15:21:45,996", "level": "INFO", "logger": "root", "message": "APM TRACE: GET /api/v1/events/scores/cf65ce68-8d0a-4217-aa63-24a30f0602c8 completed in 7.02ms with status 200", "extra_data": {"method": "GET", "path": "/api/v1/events/scores/cf65ce68-8d0a-4217-aa63-24a30f0602c8", "latency_ms": 7.02, "status_code": 200, "type": "apm_metrics"}}
{"timestamp": "2026-08-13 15:21:46,097", "level": "INFO", "logger": "root", "message": "APM TRACE: GET /api/v1/internal/ingestion/health completed in 13.24ms with status 200", "extra_data": {"method": "GET", "path": "/api/v1/internal/ingestion/health", "latency_ms": 13.24, "status_code": 200, "type": "apm_metrics"}}
{"timestamp": "2026-08-13 15:21:59,511", "level": "INFO", "logger": "root", "message": "APM TRACE: GET /api/v1/auth/devices completed in 6.26ms with status 401", "extra_data": {"method": "GET", "path": "/api/v1/auth/devices", "latency_ms": 6.26, "status_code": 401, "type": "apm_metrics"}}
{"timestamp": "2026-08-13 15:21:59,514", "level": "WARNING", "logger": "app.main", "message": "Failed to decode JWT for audit middleware: Signature has expired."}
{"timestamp": "2026-08-13 15:22:59,517", "level": "INFO", "logger": "root", "message": "APM TRACE: GET /api/v1/auth/devices completed in 7.15ms with status 401", "extra_data": {"method": "GET", "path": "/api/v1/auth/devices", "latency_ms": 7.15, "status_code": 401, "type": "apm_metrics"}}
{"timestamp": "2026-08-13 15:22:59,522", "level": "WARNING", "logger": "app.main", "message": "Failed to decode JWT for audit middleware: Signature has expired."}
{"timestamp": "2026-08-13 15:23:59,517", "level": "INFO", "logger": "root", "message": "APM TRACE: GET /api/v1/auth/devices completed in 4.08ms with status 401", "extra_data": {"method": "GET", "path": "/api/v1/auth/devices", "latency_ms": 4.08, "status_code": 401, "type": "apm_metrics"}}
{"timestamp": "2026-08-13 15:23:59,520", "level": "WARNING", "logger": "app.main", "message": "Failed to decode JWT for audit middleware: Signature has expired."}
{"timestamp": "2026-08-13 15:24:59,515", "level": "INFO", "logger": "root", "message": "APM TRACE: GET /api/v1/auth/devices completed in 3.71ms with status 401", "extra_data": {"method": "GET", "path": "/api/v1/auth/devices", "latency_ms": 3.71, "status_code": 401, "type": "apm_metrics"}}
{"timestamp": "2026-08-13 15:24:59,522", "level": "WARNING", "logger": "app.main", "message": "Failed to decode JWT for audit middleware: Signature has expired."}
{"timestamp": "2026-08-13 15:25:59,522", "level": "INFO", "logger": "root", "message": "APM TRACE: GET /api/v1/auth/devices completed in 4.51ms with status 401", "extra_data": {"method": "GET", "path": "/api/v1/auth/devices", "latency_ms": 4.51, "status_code": 401, "type": "apm_metrics"}}
{"timestamp": "2026-08-13 15:25:59,525", "level": "WARNING", "logger": "app.main", "message": "Failed to decode JWT for audit middleware: Signature has expired."}
{"timestamp": "2026-08-13 15:27:00,032", "level": "INFO", "logger": "root", "message": "APM TRACE: POST /api/v1/auth/login completed in 889.89ms with status 200", "extra_data": {"method": "POST", "path": "/api/v1/auth/login", "latency_ms": 889.89, "status_code": 200, "type": "apm_metrics"}}
{"timestamp": "2026-08-13 15:27:00,156", "level": "INFO", "logger": "root", "message": "APM TRACE: GET /api/v1/auth/devices completed in 647.73ms with status 401", "extra_data": {"method": "GET", "path": "/api/v1/auth/devices", "latency_ms": 647.73, "status_code": 401, "type": "apm_metrics"}}
{"timestamp": "2026-08-13 15:27:00,161", "level": "WARNING", "logger": "app.main", "message": "Failed to decode JWT for audit middleware: Signature has expired."}
{"timestamp": "2026-08-13 15:27:00,180", "level": "INFO", "logger": "root", "message": "APM TRACE: GET /api/v1/auth/devices completed in 12.25ms with status 200", "extra_data": {"method": "GET", "path": "/api/v1/auth/devices", "latency_ms": 12.25, "status_code": 200, "type": "apm_metrics"}}
{"timestamp": "2026-08-13 15:27:00,214", "level": "INFO", "logger": "root", "message": "APM TRACE: GET /api/v1/events/baselines/cf65ce68-8d0a-4217-aa63-24a30f0602c8 completed in 23.06ms with status 200", "extra_data": {"method": "GET", "path": "/api/v1/events/baselines/cf65ce68-8d0a-4217-aa63-24a30f0602c8", "latency_ms": 23.06, "status_code": 200, "type": "apm_metrics"}}
{"timestamp": "2026-08-13 15:27:00,249", "level": "INFO", "logger": "root", "message": "APM TRACE: GET /api/v1/events/scores/cf65ce68-8d0a-4217-aa63-24a30f0602c8 completed in 29.40ms with status 200", "extra_data": {"method": "GET", "path": "/api/v1/events/scores/cf65ce68-8d0a-4217-aa63-24a30f0602c8", "latency_ms": 29.4, "status_code": 200, "type": "apm_metrics"}}
{"timestamp": "2026-08-13 15:27:00,388", "level": "INFO", "logger": "root", "message": "APM TRACE: GET /api/v1/internal/ingestion/health completed in 21.86ms with status 200", "extra_data": {"method": "GET", "path": "/api/v1/internal/ingestion/health", "latency_ms": 21.86, "status_code": 200, "type": "apm_metrics"}}
{"timestamp": "2026-08-13 15:27:59,512", "level": "INFO", "logger": "root", "message": "APM TRACE: GET /api/v1/auth/devices completed in 5.75ms with status 401", "extra_data": {"method": "GET", "path": "/api/v1/auth/devices", "latency_ms": 5.75, "status_code": 401, "type": "apm_metrics"}}
{"timestamp": "2026-08-13 15:27:59,515", "level": "WARNING", "logger": "app.main", "message": "Failed to decode JWT for audit middleware: Signature has expired."}
{"timestamp": "2026-08-13 15:28:59,506", "level": "INFO", "logger": "root", "message": "APM TRACE: GET /api/v1/auth/devices completed in 1.41ms with status 401", "extra_data": {"method": "GET", "path": "/api/v1/auth/devices", "latency_ms": 1.41, "status_code": 401, "type": "apm_metrics"}}
{"timestamp": "2026-08-13 15:28:59,515", "level": "WARNING", "logger": "app.main", "message": "Failed to decode JWT for audit middleware: Signature has expired."}
{"timestamp": "2026-08-13 15:29:59,511", "level": "INFO", "logger": "root", "message": "APM TRACE: GET /api/v1/auth/devices completed in 2.60ms with status 401", "extra_data": {"method": "GET", "path": "/api/v1/auth/devices", "latency_ms": 2.6, "status_code": 401, "type": "apm_metrics"}}
{"timestamp": "2026-08-13 15:29:59,514", "level": "WARNING", "logger": "app.main", "message": "Failed to decode JWT for audit middleware: Signature has expired."}
{"timestamp": "2026-08-13 15:30:59,512", "level": "INFO", "logger": "root", "message": "APM TRACE: GET /api/v1/auth/devices completed in 2.00ms with status 401", "extra_data": {"method": "GET", "path": "/api/v1/auth/devices", "latency_ms": 2.0, "status_code": 401, "type": "apm_metrics"}}
{"timestamp": "2026-08-13 15:30:59,533", "level": "WARNING", "logger": "app.main", "message": "Failed to decode JWT for audit middleware: Signature has expired."}
